// Jest Snapshot v1, https://goo.gl/fbAQLP

exports[`ArtistDetailView component it should render 1`] = `
<div>
  <h1
    class="title"
  >
     's Best Tracks & Albums
  </h1>
  <div
    class="container"
  >
    <div
      class="album-list"
    >
      <div
        class="loading"
      >
        <div
          class="circle"
        />
      </div>
    </div>
    <div
      class="track-list"
    >
      <div
        class="loading"
      >
        <div
          class="circle"
        />
      </div>
    </div>
  </div>
</div>
`;
